The ``7-base_geometry`` module
==============================

Using ``BaseGeometry``
----------------------

Importing class from the module:
    >>> BaseGeometry = __import__('7-base_geometry').BaseGeometry


case 1 print area:

>>> bg = BaseGeometry()
>>> bg.area()
Traceback (most recent call last):
...
Exception: area() is not implemented


case 2 validate a number is an int and positve (+, -, 0, "string")

>>> bg = BaseGeometry()
>>> bg.integer_validator("one",3)

>>> bg.integer_validator("one",-44)
Traceback (most recent call last):
...
ValueError: one must be greater than 0

>>> bg.integer_validator("one", 0)
Traceback (most recent call last):
...
ValueError: one must be greater than 0


>>> bg = BaseGeometry()
>>> bg.integer_validator("str", "str")
Traceback (most recent call last):
...
TypeError: str must be an integer
>>> 



case 3 Trying to pass a boolean value

>>> bg = BaseGeometry()
>>> bg.integer_validator("name", True)
Traceback (most recent call last):
...
TypeError: name must be an integer



case 4 one arg:
>>> bg.integer_validator("str")
Traceback (most recent call last):
...
TypeError: integer_validator() missing 1 required positional argument: 'value'


case 5 3 args:

>>> bg.integer_validator("str",1,2)
Traceback (most recent call last):
...
TypeError: integer_validator() takes 3 positional arguments but 4 were given


case 6 no args:
>>> bg.integer_validator()
Traceback (most recent call last):
...
TypeError: integer_validator() missing 2 required positional arguments: 'name' and 'value'


Integer_validator with no arguments
>>> bg = BaseGeometry()
>>> bg.integer_validator()
Traceback (most recent call last):
	      ...
TypeError: integer_validator() missing 2 required positional arguments: 'name' and 'value'

Passing three arguments to integer_validator
>>> bg = BaseGeometry()
>>> bg.integer_validator("name", 1, 2)
Traceback (most recent call last):
	      ...
TypeError: integer_validator() takes 3 positional arguments but 4 were given


Passing one argument to area method
>>> bg = BaseGeometry()
>>> bg.area(5)
Traceback (most recent call last):
	      ...
TypeError: area() takes 1 positional argument but 2 were given

Passing two arguments to area method
>>> bg = BaseGeometry()
>>> bg.area(5, 5)
Traceback (most recent call last):
	      ...
TypeError: area() takes 1 positional argument but 3 were given

Passing list to method

>>> bg = BaseGeometry()
>>> bg.integer_validator("age", [3])
Traceback (most recent call last):
	      ...
TypeError: age must be an integer


Passing dict to method
>>> bg = BaseGeometry()
>>> bg.integer_validator("age", {3, 4})
Traceback (most recent call last):
          ...
TypeError: age must be an integer


Passing None to method

>>> bg = BaseGeometry()
>>> bg.integer_validator("age", None)
Traceback (most recent call last):
          ...
TypeError: age must be an integer


Passing one argument to integer_validator

>>> bg.integer_validator("man")
Traceback (most recent call last):
  File "<stdin>", line 1, in <module>
TypeError: integer_validator() missing 1 required positional argument: 'value'